C:\Users\oshad\Desktop\ict AL\python tute works\pu.py
C:\Users\oshad\Desktop\ict AL\python tute works\factorial.py
C:\Users\oshad\Desktop\ict AL\python tute works\python sir\code1.py
C:\Users\oshad\Desktop\ict AL\python tute works\New folder\mmm.py
C:\Users\oshad\Desktop\ict AL\hehe.py
C:\Users\oshad\Desktop\ict AL\python ucsc.py
C:\Users\oshad\Desktop\ict AL\python tute works\Q1.py
C:\Users\oshad\Desktop\ict AL\python tute works\Q8.py
C:\Users\oshad\Desktop\ict AL\python tute works\Q12.py
C:\Users\oshad\Desktop\ict AL\python tute works\Q39.py
C:\Users\oshad\Desktop\ict AL\python tute works\4.py
C:\Users\oshad\Desktop\ict AL\python tute works\python sir\typecast.py
C:\Users\oshad\Desktop\ict AL\atm.py
C:\Users\oshad\Desktop\ict AL\python tute works\Q64.py
C:\Users\oshad\Desktop\ict AL\python tute works\Q86.py
C:\Users\oshad\Desktop\ict AL\python tute works\Q78.py
C:\Users\oshad\Desktop\ict AL\python tute works\Q87 g.py
C:\Users\oshad\Desktop\ict AL\python tute works\Q87 e.py
C:\Users\oshad\Desktop\ict AL\python tute works\Q87 b.py
